// Jest Snapshot v1, https://goo.gl/fbAQLP

exports[`unit/FarmingCenter #Enter ParallelFarmings works and has gas cost 1`] = `298787`;

exports[`unit/FarmingCenter #Parallel claimReward when requesting the full amount has gas cost 1`] = `60727`;

exports[`unit/FarmingCenter #Parallel claimReward when requesting the full amount has gas cost 2`] = `43671`;

exports[`unit/FarmingCenter #Parallel exitFarming after end time works and has gas cost 1`] = `190828`;

exports[`unit/FarmingCenter #Parallel exitFarming after end time works and has gas cost 2`] = `217753`;

exports[`unit/FarmingCenter swap gas 3 swaps 1`] = `289707`;

exports[`unit/FarmingCenter swap gas 3 swaps 2`] = `231133`;

exports[`unit/FarmingCenter swap gas 3 swaps 3`] = `231131`;
