// Jest Snapshot v1, https://goo.gl/fbAQLP

exports[`unit/Farms #claimReward when requesting the full amount has gas cost [ @skip-on-coverage ] 1`] = `60574`;

exports[`unit/Farms #enterFarming works and has gas cost [ @skip-on-coverage ] 1`] = `308605`;

exports[`unit/Farms #exitFarming works and has gas cost [ @skip-on-coverage ] 1`] = `158395`;

exports[`unit/Farms swap gas [ @skip-on-coverage ] 3 swaps 1`] = `192583`;

exports[`unit/Farms swap gas [ @skip-on-coverage ] 3 swaps 2`] = `197395`;

exports[`unit/Farms swap gas [ @skip-on-coverage ] 3 swaps 3`] = `198080`;
