// Jest Snapshot v1, https://goo.gl/fbAQLP

exports[`AlgebraBasePluginV1 #DynamicFeeManager #adaptiveFee single huge spike after day 1`] = `
Array [
  "Fee: 100 ",
  "Fee: 100 ",
  "Fee: 100 ",
  "Fee: 100 ",
  "Fee: 100 ",
  "Fee: 100 ",
  "Fee: 100 ",
  "Fee: 100 ",
  "Fee: 100 ",
  "Fee: 100 ",
  "Fee: 100 ",
  "Fee: 100 ",
  "Fee: 100 ",
  "Fee: 100 ",
  "Fee: 100 ",
  "Fee: 100 ",
  "Fee: 100 ",
  "Fee: 100 ",
  "Fee: 100 ",
  "Fee: 100 ",
  "Fee: 100 ",
  "Fee: 100 ",
  "Fee: 100 ",
  "Fee: 100 ",
  "Fee: 100 ",
]
`;

exports[`AlgebraBasePluginV1 #DynamicFeeManager #adaptiveFee single huge spike after initialization 1`] = `
Array [
  "Fee: 100 ",
  "Fee: 100 ",
  "Fee: 100 ",
  "Fee: 100 ",
  "Fee: 100 ",
  "Fee: 100 ",
  "Fee: 100 ",
  "Fee: 100 ",
  "Fee: 100 ",
  "Fee: 100 ",
  "Fee: 100 ",
  "Fee: 100 ",
  "Fee: 100 ",
  "Fee: 100 ",
  "Fee: 100 ",
  "Fee: 100 ",
  "Fee: 100 ",
  "Fee: 100 ",
  "Fee: 100 ",
  "Fee: 100 ",
  "Fee: 100 ",
  "Fee: 100 ",
  "Fee: 100 ",
  "Fee: 100 ",
  "Fee: 100 ",
]
`;

exports[`AlgebraBasePluginV1 #DynamicFeeManager #adaptiveFee single huge step after day 1`] = `
Array [
  "Fee: 100 ",
  "Fee: 100 ",
  "Fee: 100 ",
  "Fee: 100 ",
  "Fee: 100 ",
  "Fee: 100 ",
  "Fee: 100 ",
  "Fee: 100 ",
  "Fee: 100 ",
  "Fee: 100 ",
  "Fee: 100 ",
  "Fee: 100 ",
  "Fee: 100 ",
  "Fee: 100 ",
  "Fee: 100 ",
  "Fee: 100 ",
  "Fee: 100 ",
  "Fee: 100 ",
  "Fee: 100 ",
  "Fee: 100 ",
  "Fee: 100 ",
  "Fee: 100 ",
  "Fee: 100 ",
  "Fee: 100 ",
  "Fee: 100 ",
]
`;

exports[`AlgebraBasePluginV1 #DynamicFeeManager #adaptiveFee single huge step after initialization 1`] = `
Array [
  "Fee: 100 ",
  "Fee: 100 ",
  "Fee: 100 ",
  "Fee: 100 ",
  "Fee: 100 ",
  "Fee: 100 ",
  "Fee: 100 ",
  "Fee: 100 ",
  "Fee: 100 ",
  "Fee: 100 ",
  "Fee: 100 ",
  "Fee: 100 ",
  "Fee: 100 ",
  "Fee: 100 ",
  "Fee: 100 ",
  "Fee: 100 ",
  "Fee: 100 ",
  "Fee: 100 ",
  "Fee: 100 ",
  "Fee: 100 ",
  "Fee: 100 ",
  "Fee: 100 ",
  "Fee: 100 ",
  "Fee: 100 ",
  "Fee: 100 ",
]
`;

exports[`AlgebraBasePluginV1 AlgebraBasePluginV1 external methods #changeFeeConfiguration feeConfig getter gas cost [ @skip-on-coverage ] 1`] = `23779`;
