// Jest Snapshot v1, https://goo.gl/fbAQLP

exports[`AlgebraPool #adaptiveFee single huge spike after day 1`] = `
Array [
  "Fee: 3000, Avg_volat: 76039, Avg_Vol_per_liq: 104 ",
  "Fee: 3000, Avg_volat: 76045, Avg_Vol_per_liq: 104 ",
  "Fee: 3000, Avg_volat: 76051, Avg_Vol_per_liq: 104 ",
  "Fee: 3000, Avg_volat: 76057, Avg_Vol_per_liq: 104 ",
  "Fee: 3000, Avg_volat: 76063, Avg_Vol_per_liq: 104 ",
  "Fee: 3000, Avg_volat: 76069, Avg_Vol_per_liq: 104 ",
  "Fee: 3000, Avg_volat: 76075, Avg_Vol_per_liq: 104 ",
  "Fee: 3000, Avg_volat: 76081, Avg_Vol_per_liq: 104 ",
  "Fee: 3000, Avg_volat: 76087, Avg_Vol_per_liq: 104 ",
  "Fee: 3000, Avg_volat: 76093, Avg_Vol_per_liq: 104 ",
  "Fee: 3000, Avg_volat: 76099, Avg_Vol_per_liq: 104 ",
  "Fee: 3000, Avg_volat: 76105, Avg_Vol_per_liq: 104 ",
  "Fee: 3000, Avg_volat: 76111, Avg_Vol_per_liq: 104 ",
  "Fee: 3000, Avg_volat: 76117, Avg_Vol_per_liq: 104 ",
  "Fee: 3000, Avg_volat: 76123, Avg_Vol_per_liq: 104 ",
  "Fee: 3000, Avg_volat: 76129, Avg_Vol_per_liq: 104 ",
  "Fee: 3000, Avg_volat: 76135, Avg_Vol_per_liq: 104 ",
  "Fee: 3000, Avg_volat: 76141, Avg_Vol_per_liq: 104 ",
  "Fee: 3000, Avg_volat: 76147, Avg_Vol_per_liq: 104 ",
  "Fee: 3000, Avg_volat: 76152, Avg_Vol_per_liq: 104 ",
  "Fee: 3000, Avg_volat: 76157, Avg_Vol_per_liq: 104 ",
  "Fee: 3000, Avg_volat: 76162, Avg_Vol_per_liq: 104 ",
  "Fee: 3000, Avg_volat: 76167, Avg_Vol_per_liq: 104 ",
  "Fee: 3000, Avg_volat: 76172, Avg_Vol_per_liq: 104 ",
  "Fee: 104, Avg_volat: 135, Avg_Vol_per_liq: 0 ",
]
`;

exports[`AlgebraPool #adaptiveFee single huge spike after initialization 1`] = `
Array [
  "Fee: 15000, Avg_volat: 15251441, Avg_Vol_per_liq: 104 ",
  "Fee: 15000, Avg_volat: 13517346, Avg_Vol_per_liq: 104 ",
  "Fee: 15000, Avg_volat: 8851249, Avg_Vol_per_liq: 104 ",
  "Fee: 15000, Avg_volat: 5992546, Avg_Vol_per_liq: 104 ",
  "Fee: 15000, Avg_volat: 4527876, Avg_Vol_per_liq: 104 ",
  "Fee: 15000, Avg_volat: 3638304, Avg_Vol_per_liq: 104 ",
  "Fee: 15000, Avg_volat: 3040811, Avg_Vol_per_liq: 104 ",
  "Fee: 15000, Avg_volat: 2611853, Avg_Vol_per_liq: 104 ",
  "Fee: 15000, Avg_volat: 2288945, Avg_Vol_per_liq: 104 ",
  "Fee: 15000, Avg_volat: 2037090, Avg_Vol_per_liq: 104 ",
  "Fee: 15000, Avg_volat: 1835160, Avg_Vol_per_liq: 104 ",
  "Fee: 15000, Avg_volat: 1669650, Avg_Vol_per_liq: 104 ",
  "Fee: 14910, Avg_volat: 1531524, Avg_Vol_per_liq: 104 ",
  "Fee: 14786, Avg_volat: 1414505, Avg_Vol_per_liq: 104 ",
  "Fee: 14548, Avg_volat: 1314098, Avg_Vol_per_liq: 104 ",
  "Fee: 14141, Avg_volat: 1227001, Avg_Vol_per_liq: 104 ",
  "Fee: 13526, Avg_volat: 1150731, Avg_Vol_per_liq: 104 ",
  "Fee: 12698, Avg_volat: 1083387, Avg_Vol_per_liq: 104 ",
  "Fee: 11697, Avg_volat: 1023489, Avg_Vol_per_liq: 104 ",
  "Fee: 10603, Avg_volat: 969868, Avg_Vol_per_liq: 104 ",
  "Fee: 9506, Avg_volat: 921585, Avg_Vol_per_liq: 104 ",
  "Fee: 8480, Avg_volat: 877882, Avg_Vol_per_liq: 104 ",
  "Fee: 7572, Avg_volat: 838136, Avg_Vol_per_liq: 104 ",
  "Fee: 6797, Avg_volat: 801833, Avg_Vol_per_liq: 104 ",
  "Fee: 2712, Avg_volat: 718253, Avg_Vol_per_liq: 0 ",
]
`;

exports[`AlgebraPool #adaptiveFee single huge step after day 1`] = `
Array [
  "Fee: 2982, Avg_volat: 61237, Avg_Vol_per_liq: 52 ",
  "Fee: 14911, Avg_volat: 2795661, Avg_Vol_per_liq: 52 ",
  "Fee: 14911, Avg_volat: 5410652, Avg_Vol_per_liq: 52 ",
  "Fee: 14911, Avg_volat: 7798124, Avg_Vol_per_liq: 52 ",
  "Fee: 14911, Avg_volat: 9968439, Avg_Vol_per_liq: 52 ",
  "Fee: 14911, Avg_volat: 11931662, Avg_Vol_per_liq: 52 ",
  "Fee: 14911, Avg_volat: 13698445, Avg_Vol_per_liq: 52 ",
  "Fee: 14911, Avg_volat: 15279150, Avg_Vol_per_liq: 52 ",
  "Fee: 14911, Avg_volat: 16684124, Avg_Vol_per_liq: 52 ",
  "Fee: 14911, Avg_volat: 17923729, Avg_Vol_per_liq: 52 ",
  "Fee: 14911, Avg_volat: 19008314, Avg_Vol_per_liq: 52 ",
  "Fee: 14911, Avg_volat: 19948237, Avg_Vol_per_liq: 52 ",
  "Fee: 14911, Avg_volat: 20753850, Avg_Vol_per_liq: 52 ",
  "Fee: 14911, Avg_volat: 21435512, Avg_Vol_per_liq: 52 ",
  "Fee: 14911, Avg_volat: 22003421, Avg_Vol_per_liq: 52 ",
  "Fee: 14911, Avg_volat: 22468098, Avg_Vol_per_liq: 52 ",
  "Fee: 14911, Avg_volat: 22839902, Avg_Vol_per_liq: 52 ",
  "Fee: 14911, Avg_volat: 23129183, Avg_Vol_per_liq: 52 ",
  "Fee: 14911, Avg_volat: 23346302, Avg_Vol_per_liq: 52 ",
  "Fee: 14911, Avg_volat: 23501607, Avg_Vol_per_liq: 52 ",
  "Fee: 14911, Avg_volat: 23605458, Avg_Vol_per_liq: 52 ",
  "Fee: 14911, Avg_volat: 23668157, Avg_Vol_per_liq: 52 ",
  "Fee: 14911, Avg_volat: 23700121, Avg_Vol_per_liq: 52 ",
  "Fee: 14911, Avg_volat: 23711710, Avg_Vol_per_liq: 52 ",
  "Fee: 7550, Avg_volat: 23652087, Avg_Vol_per_liq: 0 ",
]
`;

exports[`AlgebraPool #adaptiveFee single huge step after initialization 1`] = `
Array [
  "Fee: 14911, Avg_volat: 17110475, Avg_Vol_per_liq: 52 ",
  "Fee: 14911, Avg_volat: 22194007, Avg_Vol_per_liq: 52 ",
  "Fee: 14911, Avg_volat: 14282501, Avg_Vol_per_liq: 52 ",
  "Fee: 14911, Avg_volat: 9637656, Avg_Vol_per_liq: 52 ",
  "Fee: 14911, Avg_volat: 7270752, Avg_Vol_per_liq: 52 ",
  "Fee: 14911, Avg_volat: 5836944, Avg_Vol_per_liq: 52 ",
  "Fee: 14911, Avg_volat: 4875416, Avg_Vol_per_liq: 52 ",
  "Fee: 14911, Avg_volat: 4185846, Avg_Vol_per_liq: 52 ",
  "Fee: 14911, Avg_volat: 3667158, Avg_Vol_per_liq: 52 ",
  "Fee: 14911, Avg_volat: 3262839, Avg_Vol_per_liq: 52 ",
  "Fee: 14911, Avg_volat: 2938818, Avg_Vol_per_liq: 52 ",
  "Fee: 14911, Avg_volat: 2673336, Avg_Vol_per_liq: 52 ",
  "Fee: 14911, Avg_volat: 2451845, Avg_Vol_per_liq: 52 ",
  "Fee: 14911, Avg_volat: 2264247, Avg_Vol_per_liq: 52 ",
  "Fee: 14911, Avg_volat: 2103316, Avg_Vol_per_liq: 52 ",
  "Fee: 14911, Avg_volat: 1963744, Avg_Vol_per_liq: 52 ",
  "Fee: 14911, Avg_volat: 1841541, Avg_Vol_per_liq: 52 ",
  "Fee: 14911, Avg_volat: 1733656, Avg_Vol_per_liq: 52 ",
  "Fee: 14868, Avg_volat: 1637713, Avg_Vol_per_liq: 52 ",
  "Fee: 14833, Avg_volat: 1551831, Avg_Vol_per_liq: 52 ",
  "Fee: 14774, Avg_volat: 1474509, Avg_Vol_per_liq: 52 ",
  "Fee: 14682, Avg_volat: 1404526, Avg_Vol_per_liq: 52 ",
  "Fee: 14543, Avg_volat: 1340885, Avg_Vol_per_liq: 52 ",
  "Fee: 14343, Avg_volat: 1282762, Avg_Vol_per_liq: 52 ",
  "Fee: 6971, Avg_volat: 1185350, Avg_Vol_per_liq: 0 ",
]
`;
