// Jest Snapshot v1, https://goo.gl/fbAQLP

exports[`AlgebraPool gas tests [ @skip-on-coverage ] fee is off #burn above current price burn entire position after some time passes 1`] = `114955`;

exports[`AlgebraPool gas tests [ @skip-on-coverage ] fee is off #burn above current price burn when only position using ticks 1`] = `114955`;

exports[`AlgebraPool gas tests [ @skip-on-coverage ] fee is off #burn above current price entire position burn but other positions are using the ticks 1`] = `108349`;

exports[`AlgebraPool gas tests [ @skip-on-coverage ] fee is off #burn above current price partial position burn 1`] = `113149`;

exports[`AlgebraPool gas tests [ @skip-on-coverage ] fee is off #burn around current price burn entire position after some time passes 1`] = `125004`;

exports[`AlgebraPool gas tests [ @skip-on-coverage ] fee is off #burn around current price burn when only position using ticks 1`] = `125004`;

exports[`AlgebraPool gas tests [ @skip-on-coverage ] fee is off #burn around current price entire position burn but other positions are using the ticks 1`] = `112654`;

exports[`AlgebraPool gas tests [ @skip-on-coverage ] fee is off #burn around current price partial position burn 1`] = `117454`;

exports[`AlgebraPool gas tests [ @skip-on-coverage ] fee is off #burn below current price burn entire position after some time passes 1`] = `124596`;

exports[`AlgebraPool gas tests [ @skip-on-coverage ] fee is off #burn below current price burn when only position using ticks 1`] = `124596`;

exports[`AlgebraPool gas tests [ @skip-on-coverage ] fee is off #burn below current price entire position burn but other positions are using the ticks 1`] = `108943`;

exports[`AlgebraPool gas tests [ @skip-on-coverage ] fee is off #burn below current price partial position burn 1`] = `113743`;

exports[`AlgebraPool gas tests [ @skip-on-coverage ] fee is off #collect close to worst case 1`] = `52471`;

exports[`AlgebraPool gas tests [ @skip-on-coverage ] fee is off #collect close to worst case, two tokens 1`] = `70199`;

exports[`AlgebraPool gas tests [ @skip-on-coverage ] fee is off #mint above current price add to position after some time passes 1`] = `126337`;

exports[`AlgebraPool gas tests [ @skip-on-coverage ] fee is off #mint above current price add to position existing 1`] = `126337`;

exports[`AlgebraPool gas tests [ @skip-on-coverage ] fee is off #mint above current price new position mint first in range 1`] = `281973`;

exports[`AlgebraPool gas tests [ @skip-on-coverage ] fee is off #mint above current price second position in same range 1`] = `143437`;

exports[`AlgebraPool gas tests [ @skip-on-coverage ] fee is off #mint around current price add to position after some time passes 1`] = `151386`;

exports[`AlgebraPool gas tests [ @skip-on-coverage ] fee is off #mint around current price add to position existing 1`] = `151386`;

exports[`AlgebraPool gas tests [ @skip-on-coverage ] fee is off #mint around current price new position mint first in range 1`] = `368142`;

exports[`AlgebraPool gas tests [ @skip-on-coverage ] fee is off #mint around current price second position in same range 1`] = `168486`;

exports[`AlgebraPool gas tests [ @skip-on-coverage ] fee is off #mint below current price add to position after some time passes 1`] = `126791`;

exports[`AlgebraPool gas tests [ @skip-on-coverage ] fee is off #mint below current price add to position existing 1`] = `126791`;

exports[`AlgebraPool gas tests [ @skip-on-coverage ] fee is off #mint below current price new position mint first in range 1`] = `357773`;

exports[`AlgebraPool gas tests [ @skip-on-coverage ] fee is off #mint below current price second position in same range 1`] = `143891`;

exports[`AlgebraPool gas tests [ @skip-on-coverage ] fee is off #poke best case 1`] = `61020`;

exports[`AlgebraPool gas tests [ @skip-on-coverage ] fee is off #swapExact0For1 first swap in block moves tick, no initialized crossings 1`] = `102807`;

exports[`AlgebraPool gas tests [ @skip-on-coverage ] fee is off #swapExact0For1 first swap in block with no tick movement 1`] = `102777`;

exports[`AlgebraPool gas tests [ @skip-on-coverage ] fee is off #swapExact0For1 first swap in block, large swap crossing a single initialized tick 1`] = `119542`;

exports[`AlgebraPool gas tests [ @skip-on-coverage ] fee is off #swapExact0For1 first swap in block, large swap crossing several initialized ticks 1`] = `150776`;

exports[`AlgebraPool gas tests [ @skip-on-coverage ] fee is off #swapExact0For1 first swap in block, large swap, no initialized crossings 1`] = `102955`;

exports[`AlgebraPool gas tests [ @skip-on-coverage ] fee is off #swapExact0For1 large swap crossing several initialized ticks after some time passes 1`] = `150776`;

exports[`AlgebraPool gas tests [ @skip-on-coverage ] fee is off #swapExact0For1 large swap crossing several initialized ticks second time after some time passes 1`] = `169976`;

exports[`AlgebraPool gas tests [ @skip-on-coverage ] fee is off #swapExact0For1 second swap in block moves tick, no initialized crossings 1`] = `102807`;

exports[`AlgebraPool gas tests [ @skip-on-coverage ] fee is off #swapExact0For1 second swap in block with no tick movement 1`] = `102771`;

exports[`AlgebraPool gas tests [ @skip-on-coverage ] fee is off #swapExact0For1 second swap in block, large swap crossing a single initialized tick 1`] = `119525`;

exports[`AlgebraPool gas tests [ @skip-on-coverage ] fee is off #swapExact0For1 second swap in block, large swap crossing several initialized ticks 1`] = `150781`;

exports[`AlgebraPool gas tests [ @skip-on-coverage ] fee is off #swapExact0For1 several large swaps with pauses 1`] = `169976`;

exports[`AlgebraPool gas tests [ @skip-on-coverage ] fee is off #swapExact0For1 small swap after several large swaps with pauses 1`] = `102697`;

exports[`AlgebraPool gas tests [ @skip-on-coverage ] fee is off #swapExact0For1 small swap with filled dataStorage 1`] = `102693`;

exports[`AlgebraPool gas tests [ @skip-on-coverage ] fee is on #burn above current price burn entire position after some time passes 1`] = `114955`;

exports[`AlgebraPool gas tests [ @skip-on-coverage ] fee is on #burn above current price burn when only position using ticks 1`] = `114955`;

exports[`AlgebraPool gas tests [ @skip-on-coverage ] fee is on #burn above current price entire position burn but other positions are using the ticks 1`] = `108349`;

exports[`AlgebraPool gas tests [ @skip-on-coverage ] fee is on #burn above current price partial position burn 1`] = `113149`;

exports[`AlgebraPool gas tests [ @skip-on-coverage ] fee is on #burn around current price burn entire position after some time passes 1`] = `125004`;

exports[`AlgebraPool gas tests [ @skip-on-coverage ] fee is on #burn around current price burn when only position using ticks 1`] = `125004`;

exports[`AlgebraPool gas tests [ @skip-on-coverage ] fee is on #burn around current price entire position burn but other positions are using the ticks 1`] = `112654`;

exports[`AlgebraPool gas tests [ @skip-on-coverage ] fee is on #burn around current price partial position burn 1`] = `117454`;

exports[`AlgebraPool gas tests [ @skip-on-coverage ] fee is on #burn below current price burn entire position after some time passes 1`] = `124596`;

exports[`AlgebraPool gas tests [ @skip-on-coverage ] fee is on #burn below current price burn when only position using ticks 1`] = `124596`;

exports[`AlgebraPool gas tests [ @skip-on-coverage ] fee is on #burn below current price entire position burn but other positions are using the ticks 1`] = `108943`;

exports[`AlgebraPool gas tests [ @skip-on-coverage ] fee is on #burn below current price partial position burn 1`] = `113743`;

exports[`AlgebraPool gas tests [ @skip-on-coverage ] fee is on #collect close to worst case 1`] = `52471`;

exports[`AlgebraPool gas tests [ @skip-on-coverage ] fee is on #collect close to worst case, two tokens 1`] = `70199`;

exports[`AlgebraPool gas tests [ @skip-on-coverage ] fee is on #mint above current price add to position after some time passes 1`] = `126349`;

exports[`AlgebraPool gas tests [ @skip-on-coverage ] fee is on #mint above current price add to position existing 1`] = `126349`;

exports[`AlgebraPool gas tests [ @skip-on-coverage ] fee is on #mint above current price new position mint first in range 1`] = `281985`;

exports[`AlgebraPool gas tests [ @skip-on-coverage ] fee is on #mint above current price second position in same range 1`] = `143449`;

exports[`AlgebraPool gas tests [ @skip-on-coverage ] fee is on #mint around current price add to position after some time passes 1`] = `151398`;

exports[`AlgebraPool gas tests [ @skip-on-coverage ] fee is on #mint around current price add to position existing 1`] = `151398`;

exports[`AlgebraPool gas tests [ @skip-on-coverage ] fee is on #mint around current price new position mint first in range 1`] = `368154`;

exports[`AlgebraPool gas tests [ @skip-on-coverage ] fee is on #mint around current price second position in same range 1`] = `168498`;

exports[`AlgebraPool gas tests [ @skip-on-coverage ] fee is on #mint below current price add to position after some time passes 1`] = `126803`;

exports[`AlgebraPool gas tests [ @skip-on-coverage ] fee is on #mint below current price add to position existing 1`] = `126803`;

exports[`AlgebraPool gas tests [ @skip-on-coverage ] fee is on #mint below current price new position mint first in range 1`] = `357785`;

exports[`AlgebraPool gas tests [ @skip-on-coverage ] fee is on #mint below current price second position in same range 1`] = `143903`;

exports[`AlgebraPool gas tests [ @skip-on-coverage ] fee is on #poke best case 1`] = `61020`;

exports[`AlgebraPool gas tests [ @skip-on-coverage ] fee is on #swapExact0For1 first swap in block moves tick, no initialized crossings 1`] = `110570`;

exports[`AlgebraPool gas tests [ @skip-on-coverage ] fee is on #swapExact0For1 first swap in block with no tick movement 1`] = `103026`;

exports[`AlgebraPool gas tests [ @skip-on-coverage ] fee is on #swapExact0For1 first swap in block, large swap crossing a single initialized tick 1`] = `127542`;

exports[`AlgebraPool gas tests [ @skip-on-coverage ] fee is on #swapExact0For1 first swap in block, large swap crossing several initialized ticks 1`] = `159487`;

exports[`AlgebraPool gas tests [ @skip-on-coverage ] fee is on #swapExact0For1 first swap in block, large swap, no initialized crossings 1`] = `110718`;

exports[`AlgebraPool gas tests [ @skip-on-coverage ] fee is on #swapExact0For1 large swap crossing several initialized ticks after some time passes 1`] = `159487`;

exports[`AlgebraPool gas tests [ @skip-on-coverage ] fee is on #swapExact0For1 large swap crossing several initialized ticks second time after some time passes 1`] = `178687`;

exports[`AlgebraPool gas tests [ @skip-on-coverage ] fee is on #swapExact0For1 second swap in block moves tick, no initialized crossings 1`] = `110570`;

exports[`AlgebraPool gas tests [ @skip-on-coverage ] fee is on #swapExact0For1 second swap in block with no tick movement 1`] = `103020`;

exports[`AlgebraPool gas tests [ @skip-on-coverage ] fee is on #swapExact0For1 second swap in block, large swap crossing a single initialized tick 1`] = `127525`;

exports[`AlgebraPool gas tests [ @skip-on-coverage ] fee is on #swapExact0For1 second swap in block, large swap crossing several initialized ticks 1`] = `159492`;

exports[`AlgebraPool gas tests [ @skip-on-coverage ] fee is on #swapExact0For1 several large swaps with pauses 1`] = `195787`;

exports[`AlgebraPool gas tests [ @skip-on-coverage ] fee is on #swapExact0For1 small swap after several large swaps with pauses 1`] = `102946`;

exports[`AlgebraPool gas tests [ @skip-on-coverage ] fee is on #swapExact0For1 small swap with filled dataStorage 1`] = `102942`;
