// Jest Snapshot v1, https://goo.gl/fbAQLP

exports[`AlgebraPool gas tests [ @skip-on-coverage ] #setFee by owner 1`] = `36382`;

exports[`AlgebraPool gas tests [ @skip-on-coverage ] fee is off #burn above current price burn entire position after some time passes 1`] = `117046`;

exports[`AlgebraPool gas tests [ @skip-on-coverage ] fee is off #burn above current price burn when only position using ticks 1`] = `117046`;

exports[`AlgebraPool gas tests [ @skip-on-coverage ] fee is off #burn above current price entire position burn but other positions are using the ticks 1`] = `110833`;

exports[`AlgebraPool gas tests [ @skip-on-coverage ] fee is off #burn above current price partial position burn 1`] = `115633`;

exports[`AlgebraPool gas tests [ @skip-on-coverage ] fee is off #burn around current price burn entire position after some time passes 1`] = `126925`;

exports[`AlgebraPool gas tests [ @skip-on-coverage ] fee is off #burn around current price burn when only position using ticks 1`] = `126925`;

exports[`AlgebraPool gas tests [ @skip-on-coverage ] fee is off #burn around current price entire position burn but other positions are using the ticks 1`] = `115241`;

exports[`AlgebraPool gas tests [ @skip-on-coverage ] fee is off #burn around current price partial position burn 1`] = `120041`;

exports[`AlgebraPool gas tests [ @skip-on-coverage ] fee is off #burn below current price burn entire position after some time passes 1`] = `126482`;

exports[`AlgebraPool gas tests [ @skip-on-coverage ] fee is off #burn below current price burn when only position using ticks 1`] = `126482`;

exports[`AlgebraPool gas tests [ @skip-on-coverage ] fee is off #burn below current price entire position burn but other positions are using the ticks 1`] = `111494`;

exports[`AlgebraPool gas tests [ @skip-on-coverage ] fee is off #burn below current price partial position burn 1`] = `116294`;

exports[`AlgebraPool gas tests [ @skip-on-coverage ] fee is off #collect close to worst case 1`] = `57171`;

exports[`AlgebraPool gas tests [ @skip-on-coverage ] fee is off #collect close to worst case, two tokens 1`] = `74938`;

exports[`AlgebraPool gas tests [ @skip-on-coverage ] fee is off #mint above current price add to position after some time passes 1`] = `133027`;

exports[`AlgebraPool gas tests [ @skip-on-coverage ] fee is off #mint above current price add to position existing 1`] = `133027`;

exports[`AlgebraPool gas tests [ @skip-on-coverage ] fee is off #mint above current price new position mint first in range 1`] = `286890`;

exports[`AlgebraPool gas tests [ @skip-on-coverage ] fee is off #mint above current price second position in same range 1`] = `150127`;

exports[`AlgebraPool gas tests [ @skip-on-coverage ] fee is off #mint around current price add to position after some time passes 1`] = `158180`;

exports[`AlgebraPool gas tests [ @skip-on-coverage ] fee is off #mint around current price add to position existing 1`] = `158180`;

exports[`AlgebraPool gas tests [ @skip-on-coverage ] fee is off #mint around current price new position mint first in range 1`] = `365088`;

exports[`AlgebraPool gas tests [ @skip-on-coverage ] fee is off #mint around current price second position in same range 1`] = `175280`;

exports[`AlgebraPool gas tests [ @skip-on-coverage ] fee is off #mint below current price add to position after some time passes 1`] = `133617`;

exports[`AlgebraPool gas tests [ @skip-on-coverage ] fee is off #mint below current price add to position existing 1`] = `133617`;

exports[`AlgebraPool gas tests [ @skip-on-coverage ] fee is off #mint below current price new position mint first in range 1`] = `361257`;

exports[`AlgebraPool gas tests [ @skip-on-coverage ] fee is off #mint below current price second position in same range 1`] = `150717`;

exports[`AlgebraPool gas tests [ @skip-on-coverage ] fee is off #poke best case 1`] = `63687`;

exports[`AlgebraPool gas tests [ @skip-on-coverage ] fee is off #swapExact0For1 first swap in block moves tick, no initialized crossings 1`] = `111001`;

exports[`AlgebraPool gas tests [ @skip-on-coverage ] fee is off #swapExact0For1 first swap in block with no tick movement 1`] = `110970`;

exports[`AlgebraPool gas tests [ @skip-on-coverage ] fee is off #swapExact0For1 first swap in block, large swap crossing a single initialized tick 1`] = `126927`;

exports[`AlgebraPool gas tests [ @skip-on-coverage ] fee is off #swapExact0For1 first swap in block, large swap crossing several initialized ticks 1`] = `160984`;

exports[`AlgebraPool gas tests [ @skip-on-coverage ] fee is off #swapExact0For1 first swap in block, large swap, no initialized crossings 1`] = `111139`;

exports[`AlgebraPool gas tests [ @skip-on-coverage ] fee is off #swapExact0For1 large swap crossing several initialized ticks after some time passes 1`] = `160984`;

exports[`AlgebraPool gas tests [ @skip-on-coverage ] fee is off #swapExact0For1 large swap crossing several initialized ticks second time after some time passes 1`] = `180184`;

exports[`AlgebraPool gas tests [ @skip-on-coverage ] fee is off #swapExact0For1 second swap in block moves tick, no initialized crossings 1`] = `111001`;

exports[`AlgebraPool gas tests [ @skip-on-coverage ] fee is off #swapExact0For1 second swap in block with no tick movement 1`] = `110965`;

exports[`AlgebraPool gas tests [ @skip-on-coverage ] fee is off #swapExact0For1 second swap in block, large swap crossing a single initialized tick 1`] = `127751`;

exports[`AlgebraPool gas tests [ @skip-on-coverage ] fee is off #swapExact0For1 second swap in block, large swap crossing several initialized ticks 1`] = `161835`;

exports[`AlgebraPool gas tests [ @skip-on-coverage ] fee is off #swapExact0For1 several large swaps with pauses 1`] = `180184`;

exports[`AlgebraPool gas tests [ @skip-on-coverage ] fee is off #swapExact0For1 small swap after several large swaps with pauses 1`] = `110839`;

exports[`AlgebraPool gas tests [ @skip-on-coverage ] fee is off #swapExact0For1 small swap with filled dataStorage 1`] = `110835`;

exports[`AlgebraPool gas tests [ @skip-on-coverage ] fee is off #swapExact1For0 first swap in block moves tick, no initialized crossings 1`] = `111088`;

exports[`AlgebraPool gas tests [ @skip-on-coverage ] fee is off #swapExact1For0 first swap in block with no tick movement 1`] = `111036`;

exports[`AlgebraPool gas tests [ @skip-on-coverage ] fee is off #swapExact1For0 second swap in block with no tick movement 1`] = `111052`;

exports[`AlgebraPool gas tests [ @skip-on-coverage ] fee is off #swapExact1For0 with override fee on first swap in block moves tick, no initialized crossings, with transfer 1`] = `130912`;

exports[`AlgebraPool gas tests [ @skip-on-coverage ] fee is off #swapExact1For0 with override fee on first swap in block with no tick movement, with transfer 1`] = `130860`;

exports[`AlgebraPool gas tests [ @skip-on-coverage ] fee is off #swapExact1For0 with override fee on first swap in block with no tick movement, without transfer 1`] = `130860`;

exports[`AlgebraPool gas tests [ @skip-on-coverage ] fee is on #burn above current price burn entire position after some time passes 1`] = `117046`;

exports[`AlgebraPool gas tests [ @skip-on-coverage ] fee is on #burn above current price burn when only position using ticks 1`] = `117046`;

exports[`AlgebraPool gas tests [ @skip-on-coverage ] fee is on #burn above current price entire position burn but other positions are using the ticks 1`] = `110833`;

exports[`AlgebraPool gas tests [ @skip-on-coverage ] fee is on #burn above current price partial position burn 1`] = `115633`;

exports[`AlgebraPool gas tests [ @skip-on-coverage ] fee is on #burn around current price burn entire position after some time passes 1`] = `126925`;

exports[`AlgebraPool gas tests [ @skip-on-coverage ] fee is on #burn around current price burn when only position using ticks 1`] = `126925`;

exports[`AlgebraPool gas tests [ @skip-on-coverage ] fee is on #burn around current price entire position burn but other positions are using the ticks 1`] = `115241`;

exports[`AlgebraPool gas tests [ @skip-on-coverage ] fee is on #burn around current price partial position burn 1`] = `120041`;

exports[`AlgebraPool gas tests [ @skip-on-coverage ] fee is on #burn below current price burn entire position after some time passes 1`] = `126482`;

exports[`AlgebraPool gas tests [ @skip-on-coverage ] fee is on #burn below current price burn when only position using ticks 1`] = `126482`;

exports[`AlgebraPool gas tests [ @skip-on-coverage ] fee is on #burn below current price entire position burn but other positions are using the ticks 1`] = `111494`;

exports[`AlgebraPool gas tests [ @skip-on-coverage ] fee is on #burn below current price partial position burn 1`] = `116294`;

exports[`AlgebraPool gas tests [ @skip-on-coverage ] fee is on #collect close to worst case 1`] = `56991`;

exports[`AlgebraPool gas tests [ @skip-on-coverage ] fee is on #collect close to worst case, two tokens 1`] = `74758`;

exports[`AlgebraPool gas tests [ @skip-on-coverage ] fee is on #mint above current price add to position after some time passes 1`] = `132847`;

exports[`AlgebraPool gas tests [ @skip-on-coverage ] fee is on #mint above current price add to position existing 1`] = `132847`;

exports[`AlgebraPool gas tests [ @skip-on-coverage ] fee is on #mint above current price new position mint first in range 1`] = `286710`;

exports[`AlgebraPool gas tests [ @skip-on-coverage ] fee is on #mint above current price second position in same range 1`] = `149947`;

exports[`AlgebraPool gas tests [ @skip-on-coverage ] fee is on #mint around current price add to position after some time passes 1`] = `158000`;

exports[`AlgebraPool gas tests [ @skip-on-coverage ] fee is on #mint around current price add to position existing 1`] = `158000`;

exports[`AlgebraPool gas tests [ @skip-on-coverage ] fee is on #mint around current price new position mint first in range 1`] = `364908`;

exports[`AlgebraPool gas tests [ @skip-on-coverage ] fee is on #mint around current price second position in same range 1`] = `175100`;

exports[`AlgebraPool gas tests [ @skip-on-coverage ] fee is on #mint below current price add to position after some time passes 1`] = `133437`;

exports[`AlgebraPool gas tests [ @skip-on-coverage ] fee is on #mint below current price add to position existing 1`] = `133437`;

exports[`AlgebraPool gas tests [ @skip-on-coverage ] fee is on #mint below current price new position mint first in range 1`] = `361077`;

exports[`AlgebraPool gas tests [ @skip-on-coverage ] fee is on #mint below current price second position in same range 1`] = `150537`;

exports[`AlgebraPool gas tests [ @skip-on-coverage ] fee is on #poke best case 1`] = `63687`;

exports[`AlgebraPool gas tests [ @skip-on-coverage ] fee is on #swapExact0For1 first swap in block moves tick, no initialized crossings 1`] = `114678`;

exports[`AlgebraPool gas tests [ @skip-on-coverage ] fee is on #swapExact0For1 first swap in block with no tick movement 1`] = `114647`;

exports[`AlgebraPool gas tests [ @skip-on-coverage ] fee is on #swapExact0For1 first swap in block, large swap crossing a single initialized tick 1`] = `130841`;

exports[`AlgebraPool gas tests [ @skip-on-coverage ] fee is on #swapExact0For1 first swap in block, large swap crossing several initialized ticks 1`] = `165609`;

exports[`AlgebraPool gas tests [ @skip-on-coverage ] fee is on #swapExact0For1 first swap in block, large swap, no initialized crossings 1`] = `114816`;

exports[`AlgebraPool gas tests [ @skip-on-coverage ] fee is on #swapExact0For1 large swap crossing several initialized ticks after some time passes 1`] = `165609`;

exports[`AlgebraPool gas tests [ @skip-on-coverage ] fee is on #swapExact0For1 large swap crossing several initialized ticks second time after some time passes 1`] = `184809`;

exports[`AlgebraPool gas tests [ @skip-on-coverage ] fee is on #swapExact0For1 second swap in block moves tick, no initialized crossings 1`] = `114678`;

exports[`AlgebraPool gas tests [ @skip-on-coverage ] fee is on #swapExact0For1 second swap in block with no tick movement 1`] = `111022`;

exports[`AlgebraPool gas tests [ @skip-on-coverage ] fee is on #swapExact0For1 second swap in block, large swap crossing a single initialized tick 1`] = `131665`;

exports[`AlgebraPool gas tests [ @skip-on-coverage ] fee is on #swapExact0For1 second swap in block, large swap crossing several initialized ticks 1`] = `166460`;

exports[`AlgebraPool gas tests [ @skip-on-coverage ] fee is on #swapExact0For1 several large swaps with pauses 1`] = `184809`;

exports[`AlgebraPool gas tests [ @skip-on-coverage ] fee is on #swapExact0For1 small swap after several large swaps with pauses 1`] = `110896`;

exports[`AlgebraPool gas tests [ @skip-on-coverage ] fee is on #swapExact0For1 small swap with filled dataStorage 1`] = `110892`;

exports[`AlgebraPool gas tests [ @skip-on-coverage ] fee is on #swapExact1For0 first swap in block moves tick, no initialized crossings 1`] = `114776`;

exports[`AlgebraPool gas tests [ @skip-on-coverage ] fee is on #swapExact1For0 first swap in block with no tick movement 1`] = `114724`;

exports[`AlgebraPool gas tests [ @skip-on-coverage ] fee is on #swapExact1For0 second swap in block with no tick movement 1`] = `111109`;

exports[`AlgebraPool gas tests [ @skip-on-coverage ] fee is on #swapExact1For0 with override fee on first swap in block moves tick, no initialized crossings, with transfer 1`] = `153755`;

exports[`AlgebraPool gas tests [ @skip-on-coverage ] fee is on #swapExact1For0 with override fee on first swap in block with no tick movement, with transfer 1`] = `153703`;

exports[`AlgebraPool gas tests [ @skip-on-coverage ] fee is on #swapExact1For0 with override fee on first swap in block with no tick movement, without transfer 1`] = `134548`;
