// Jest Snapshot v1, https://goo.gl/fbAQLP

exports[`AlgebraFactory #createCustomPool gas [ @skip-on-coverage ] 1`] = `4802491`;

exports[`AlgebraFactory #createCustomPool gas for second pool [ @skip-on-coverage ] 1`] = `4802491`;

exports[`AlgebraFactory #createPool gas [ @skip-on-coverage ] 1`] = `4790294`;

exports[`AlgebraFactory #createPool gas for second pool [ @skip-on-coverage ] 1`] = `4790294`;

exports[`AlgebraFactory factory bytecode size  [ @skip-on-coverage ] 1`] = `10699`;

exports[`AlgebraFactory pool bytecode size  [ @skip-on-coverage ] 1`] = `22685`;
