// Jest Snapshot v1, https://goo.gl/fbAQLP

exports[`BitMath #leastSignificantBit gas cost of max uint128 1`] = `300`;

exports[`BitMath #leastSignificantBit gas cost of max uint256 1`] = `300`;

exports[`BitMath #leastSignificantBit gas cost of min number 1`] = `300`;

exports[`BitMath #leastSignificantBit gas cost of smaller number 1`] = `300`;

exports[`BitMath #mostSignificantBit gas cost of max uint128 1`] = `461`;

exports[`BitMath #mostSignificantBit gas cost of max uint256 1`] = `461`;

exports[`BitMath #mostSignificantBit gas cost of min number 1`] = `461`;

exports[`BitMath #mostSignificantBit gas cost of smaller number 1`] = `461`;
