// Jest Snapshot v1, https://goo.gl/fbAQLP

exports[`TokenDeltaMath #getNewPriceAfterInput zeroToOne = false gas  [ @skip-on-coverage ] 1`] = `541`;

exports[`TokenDeltaMath #getNewPriceAfterInput zeroToOne = true gas  [ @skip-on-coverage ] 1`] = `672`;

exports[`TokenDeltaMath #getNewPriceAfterOutput zeroToOne = false gas  [ @skip-on-coverage ] 1`] = `743`;

exports[`TokenDeltaMath #getNewPriceAfterOutput zeroToOne = true gas  [ @skip-on-coverage ] 1`] = `466`;

exports[`TokenDeltaMath #getToken0Delta gas cost for amount0 where roundUp = true  [ @skip-on-coverage ] 1`] = `479`;

exports[`TokenDeltaMath #getToken0Delta gas cost for amount0 where roundUp = true  [ @skip-on-coverage ] 2`] = `431`;

exports[`TokenDeltaMath #getToken1Delta gas cost for amount0 where roundUp = false  [ @skip-on-coverage ] 1`] = `431`;

exports[`TokenDeltaMath #getToken1Delta gas cost for amount0 where roundUp = true  [ @skip-on-coverage ] 1`] = `479`;
