// Jest Snapshot v1, https://goo.gl/fbAQLP

exports[`PriceMovementMath #movePriceTowardsTarget gas swap one for zero exact in capped 1`] = `1603`;

exports[`PriceMovementMath #movePriceTowardsTarget gas swap one for zero exact in partial 1`] = `2372`;

exports[`PriceMovementMath #movePriceTowardsTarget gas swap one for zero exact out capped 1`] = `1411`;

exports[`PriceMovementMath #movePriceTowardsTarget gas swap one for zero exact out partial 1`] = `2372`;

exports[`PriceMovementMath #movePriceTowardsTarget gas swap zero for one exact in capped 1`] = `1616`;

exports[`PriceMovementMath #movePriceTowardsTarget gas swap zero for one exact in partial 1`] = `2665`;

exports[`PriceMovementMath #movePriceTowardsTarget gas swap zero for one exact out capped 1`] = `1424`;

exports[`PriceMovementMath #movePriceTowardsTarget gas swap zero for one exact out partial 1`] = `2665`;
