// Jest Snapshot v1, https://goo.gl/fbAQLP

exports[`LiquidityAmounts #getAmount0ForLiquidity gas [ @skip-on-coverage ] 1`] = `346`;

exports[`LiquidityAmounts #getAmountsForLiquidity gas for price above [ @skip-on-coverage ] 1`] = `474`;

exports[`LiquidityAmounts #getAmountsForLiquidity gas for price below [ @skip-on-coverage ] 1`] = `495`;

exports[`LiquidityAmounts #getAmountsForLiquidity gas for price inside [ @skip-on-coverage ] 1`] = `827`;

exports[`LiquidityAmounts #getLiquidityForAmount0 gas [ @skip-on-coverage ] 1`] = `553`;

exports[`LiquidityAmounts #getLiquidityForAmount1 gas [ @skip-on-coverage ] 1`] = `356`;

exports[`LiquidityAmounts #getLiquidityForAmount1 gas [ @skip-on-coverage ] 2`] = `362`;

exports[`LiquidityAmounts #getLiquidityForAmounts gas for price above [ @skip-on-coverage ] 1`] = `526`;

exports[`LiquidityAmounts #getLiquidityForAmounts gas for price below [ @skip-on-coverage ] 1`] = `699`;

exports[`LiquidityAmounts #getLiquidityForAmounts gas for price inside [ @skip-on-coverage ] 1`] = `1141`;
