// Jest Snapshot v1, https://goo.gl/fbAQLP

exports[`SwapRouter bytecode size [ @skip-on-coverage ] 1`] = `12653`;

exports[`SwapRouter swaps #exactInput multi-pool gas cost [ @skip-on-coverage ] 1`] = `217471`;

exports[`SwapRouter swaps #exactInputSingle gas cost [ @skip-on-coverage ] 1`] = `127484`;

exports[`SwapRouter swaps #exactInputSingleSupportingFeeOnTransferTokens gas cost [ @skip-on-coverage ] 1`] = `180477`;

exports[`SwapRouter swaps #exactOutput Native input WNativeToken gas cost [ @skip-on-coverage ] 1`] = `220236`;

exports[`SwapRouter swaps #exactOutput multi-pool gas cost [ @skip-on-coverage ] 1`] = `216363`;

exports[`SwapRouter swaps #exactOutput single-pool gas cost [ @skip-on-coverage ] 1`] = `133310`;

exports[`SwapRouter swaps #exactOutputSingle gas cost [ @skip-on-coverage ] 1`] = `133568`;
