// Jest Snapshot v1, https://goo.gl/fbAQLP

exports[`SwapRouter bytecode size [ @skip-on-coverage ] 1`] = `12653`;

exports[`SwapRouter swaps #exactInput multi-pool gas cost [ @skip-on-coverage ] 1`] = `217817`;

exports[`SwapRouter swaps #exactInputSingle gas cost [ @skip-on-coverage ] 1`] = `127657`;

exports[`SwapRouter swaps #exactInputSingleSupportingFeeOnTransferTokens gas cost [ @skip-on-coverage ] 1`] = `180278`;

exports[`SwapRouter swaps #exactOutput Native input WNativeToken gas cost [ @skip-on-coverage ] 1`] = `220582`;

exports[`SwapRouter swaps #exactOutput multi-pool gas cost [ @skip-on-coverage ] 1`] = `216709`;

exports[`SwapRouter swaps #exactOutput single-pool gas cost [ @skip-on-coverage ] 1`] = `133483`;

exports[`SwapRouter swaps #exactOutputSingle gas cost [ @skip-on-coverage ] 1`] = `133741`;
