// Jest Snapshot v1, https://goo.gl/fbAQLP

exports[`TickLens #getClosestActiveTicks gas for almost all tick space [ @skip-on-coverage ] 1`] = `31550`;

exports[`TickLens #getNextActiveTicks gas for single populated tick [ @skip-on-coverage ] 1`] = `22186`;

exports[`TickLens #getPopulatedTicksInWord gas for single populated tick [ @skip-on-coverage ] 1`] = `53734`;

exports[`TickLens fully populated word getNextActiveTicks 255 ticks [ @skip-on-coverage ] 1`] = `2465710`;

exports[`TickLens fully populated word getNextActiveTicks 512 ticks [ @skip-on-coverage ] 1`] = `2507102`;

exports[`TickLens fully populated word getPopulatedTicksInWord [ @skip-on-coverage ] 1`] = `92645`;
