// Jest Snapshot v1, https://goo.gl/fbAQLP

exports[`unit/EternalVirtualPool #crossTo gas checks [ @skip-on-coverage ] with one cross otz 1`] = `85475`;

exports[`unit/EternalVirtualPool #crossTo gas checks [ @skip-on-coverage ] with one cross zto 1`] = `68469`;

exports[`unit/EternalVirtualPool #crossTo gas checks [ @skip-on-coverage ] with two crosses otz 1`] = `111159`;

exports[`unit/EternalVirtualPool #crossTo gas checks [ @skip-on-coverage ] with two crosses zto 1`] = `76815`;

exports[`unit/EternalVirtualPool #crossTo gas checks [ @skip-on-coverage ] without cross otz 1`] = `32330`;

exports[`unit/EternalVirtualPool #crossTo gas checks [ @skip-on-coverage ] without cross zto 1`] = `32841`;
