// Jest Snapshot v1, https://goo.gl/fbAQLP

exports[`unit/EternalFarms #claimReward when requesting the full amount has gas cost [ @skip-on-coverage ] 1`] = `60772`;

exports[`unit/EternalFarms #enterFarming works and has gas cost [ @skip-on-coverage ] 1`] = `494861`;

exports[`unit/EternalFarms #exitFarming after end time works and has gas cost [ @skip-on-coverage ] 1`] = `169717`;
